components/AssetCard.tsx(3,21): error TS6133: 'ImageModel' is declared but its value is never read.
components/AssetCard.tsx(3,33): error TS6133: 'VideoModel' is declared but its value is never read.
components/AssetCard.tsx(4,28): error TS6133: 'RefreshCcw' is declared but its value is never read.
components/AssetCard.tsx(91,9): error TS6133: 'handleUseRef' is declared but its value is never read.
components/CanvasEditor.tsx(2,35): error TS6133: 'useEffect' is declared but its value is never read.
components/CanvasEditor.tsx(3,60): error TS6133: 'Move' is declared but its value is never read.
components/CanvasEditor.tsx(75,15): error TS6133: 'initialX' is declared but its value is never read.
components/CanvasEditor.tsx(76,15): error TS6133: 'initialY' is declared but its value is never read.
components/CanvasEditor.tsx(117,29): error TS18047: 'canvas' is possibly 'null'.
components/CanvasEditor.tsx(117,43): error TS18047: 'canvas' is possibly 'null'.
components/CanvasEditor.tsx(191,37): error TS2367: This comparison appears to be unintentional because the types '"marker" | "rect"' and '"eraser"' have no overlap.
components/CanvasEditor.tsx(199,13): error TS2367: This comparison appears to be unintentional because the types '"brush"' and '"eraser"' have no overlap.
components/CanvasEditor.tsx(293,37): error TS2367: This comparison appears to be unintentional because the types '"marker" | "rect"' and '"eraser"' have no overlap.
components/CanvasEditor.tsx(323,37): error TS2367: This comparison appears to be unintentional because the types '"marker" | "rect"' and '"eraser"' have no overlap.
components/CanvasEditor.tsx(434,15): error TS2367: This comparison appears to be unintentional because the types 'ToolType' and '"eraser"' have no overlap.
components/CanvasEditor.tsx(482,51): error TS2345: Argument of type '"eraser"' is not assignable to parameter of type 'SetStateAction<ToolType>'.
components/CanvasEditor.tsx(482,156): error TS2367: This comparison appears to be unintentional because the types 'ToolType' and '"eraser"' have no overlap.
components/CanvasEditor.tsx(538,77): error TS2367: This comparison appears to be unintentional because the types '"marker" | "rect"' and '"eraser"' have no overlap.
components/CanvasView.tsx(204,36): error TS2339: Property 'seed' does not exist on type '{ aspectRatio: string; model: string; style?: string | undefined; duration?: string | undefined; resolution?: string | undefined; usedGrounding?: boolean | undefined; error?: string | undefined; maskUrl?: string | undefined; }'.
components/CanvasView.tsx(204,85): error TS2339: Property 'seed' does not exist on type '{ aspectRatio: string; model: string; style?: string | undefined; duration?: string | undefined; resolution?: string | undefined; usedGrounding?: boolean | undefined; error?: string | undefined; maskUrl?: string | undefined; }'.
components/LightboxViewer.tsx(3,51): error TS6133: 'RefreshCcw' is declared but its value is never read.
components/LightboxViewer.tsx(3,97): error TS6133: 'ArrowRight' is declared but its value is never read.
components/LightboxViewer.tsx(20,81): error TS6133: 'onUseAsReference' is declared but its value is never read.
components/LightboxViewer.tsx(271,37): error TS2339: Property 'seed' does not exist on type '{ aspectRatio: string; model: string; style?: string | undefined; duration?: string | undefined; resolution?: string | undefined; usedGrounding?: boolean | undefined; error?: string | undefined; maskUrl?: string | undefined; }'.
components/LightboxViewer.tsx(271,82): error TS2339: Property 'seed' does not exist on type '{ aspectRatio: string; model: string; style?: string | undefined; duration?: string | undefined; resolution?: string | undefined; usedGrounding?: boolean | undefined; error?: string | undefined; maskUrl?: string | undefined; }'.
components/TaskCenter.tsx(4,45): error TS6133: 'Maximize2' is declared but its value is never read.
components/TaskCenter.tsx(4,56): error TS6133: 'Minimize2' is declared but its value is never read.
services/agentService.ts(86,13): error TS6133: 'onRequestConfirmation' is declared but its value is never read.
vite.config.ts(9,26): error TS7006: Parameter 'html' implicitly has an 'any' type.
vite.config.ts(19,5): error TS2769: No overload matches this call.
  The last overload gave the following error.
    Type '{ name: string; enforce: string; transformIndexHtml: (html: any) => any; }' is not assignable to type 'PluginOption'.
      Type '{ name: string; enforce: string; transformIndexHtml: (html: any) => any; }' is not assignable to type 'Plugin<any>'.
        Types of property 'enforce' are incompatible.
          Type 'string' is not assignable to type '"pre" | "post" | undefined'.
